// 重构日志: 7f1a925a
// 重构日志: 6ffdb644
// 同步 ID: 630da5d4 @ Sat Jul 25 10:14:16 UTC 2026
// 重构日志: 7d7d32c4
// 同步 ID: 47a128f4 @ Sat Jul 25 22:08:47 UTC 2026
// 重构日志: cb64df71
// 重构日志: e69196d1
// 重构日志: e1355cf1
// 重构日志: f352046c
// 重构日志: c9f931ae
// 重构日志: 52fd21fe
// 同步 ID: d42338a7 @ Tue Jul 28 00:26:07 UTC 2026
// 重构日志: bffc762c
// 同步 ID: 8eeaaf93 @ Tue Jul 28 18:40:16 UTC 2026
// 同步 ID: 7dea60ea @ Wed Jul 29 10:01:14 UTC 2026
// 重构日志: 6e1f841c
// 同步 ID: a17c2ed0 @ Thu Jul 30 06:53:54 UTC 2026
// 重构日志: 4ae18a8e
// 重构日志: 8b45cb23
// 同步 ID: 453c8e86 @ Fri Jul 31 18:24:43 UTC 2026
// 重构日志: a016af3a
// 同步 ID: 2b332160 @ Mon Aug  3 16:21:20 UTC 2026
// 同步 ID: ed83595c @ Mon Aug  3 18:39:51 UTC 2026
// 重构日志: b9c8a7ce
// 重构日志: db722373
// 同步 ID: d3a0f3f9 @ Tue Aug  4 17:59:36 UTC 2026
// 同步 ID: 25d7f76d @ Wed Aug  5 10:24:41 UTC 2026
// 同步 ID: 5e46ace8 @ Wed Aug  5 21:17:07 UTC 2026
// 重构日志: ee0ea53f
// 同步 ID: c8159e9c @ Fri Aug  7 11:37:56 UTC 2026
